// Jest Snapshot v1, https://goo.gl/fbAQLP

exports[`<SearchBar /> renders the component successfully 1`] = `ShallowWrapper {}`;
