// Jest Snapshot v1, https://goo.gl/fbAQLP

exports[`<PaginationBar /> renders the component successfully 1`] = `ShallowWrapper {}`;
