// Jest Snapshot v1, https://goo.gl/fbAQLP

exports[`<GifDetails /> renders the component successfully 1`] = `ShallowWrapper {}`;
